============================= test session starts =============================
platform win32 -- Python 3.13.11, pytest-9.0.2, pluggy-1.6.0 -- C:\Users\user\AppData\Local\Programs\Python\Python313\python.exe
cachedir: .pytest_cache
rootdir: C:\Users\user\PycharmProjects\Bot_mail_creator
configfile: pyproject.toml
testpaths: tests
plugins: anyio-4.12.1, asyncio-1.3.0, base-url-2.1.0, cov-7.0.0, mock-3.15.1, playwright-0.7.2
asyncio: mode=Mode.STRICT, debug=False, asyncio_default_fixture_loop_scope=None, asyncio_default_test_loop_scope=function
collecting ... collected 19 items / 4 errors

=================================== ERRORS ====================================
___________________ ERROR collecting tests/test_identity.py ___________________
ImportError while importing test module 'C:\Users\user\PycharmProjects\Bot_mail_creator\tests\test_identity.py'.
Hint: make sure your test modules/packages have valid Python names.
Traceback:
..\..\AppData\Local\Programs\Python\Python313\Lib\importlib\__init__.py:88: in import_module
    return _bootstrap._gcd_import(name[level:], package, level)
           ^^^^^^^^^^^^^^^^^^^^^^^^^^^^^^^^^^^^^^^^^^^^^^^^^^^^
tests\test_identity.py:4: in <module>
    from src.identity_manager import IdentityManager
src\identity_manager.py:6: in <module>
    from faker import Faker
E   ModuleNotFoundError: No module named 'faker'
_________________ ERROR collecting tests/test_registration.py _________________
ImportError while importing test module 'C:\Users\user\PycharmProjects\Bot_mail_creator\tests\test_registration.py'.
Hint: make sure your test modules/packages have valid Python names.
Traceback:
..\..\AppData\Local\Programs\Python\Python313\Lib\importlib\__init__.py:88: in import_module
    return _bootstrap._gcd_import(name[level:], package, level)
           ^^^^^^^^^^^^^^^^^^^^^^^^^^^^^^^^^^^^^^^^^^^^^^^^^^^^
tests\test_registration.py:6: in <module>
    from src.registration_page import RegistrationPage
src\registration_page.py:13: in <module>
    from src.captcha_solver import CaptchaSolver
src\captcha_solver.py:7: in <module>
    from google import genai
E   ImportError: cannot import name 'genai' from 'google' (unknown location)
__________________ ERROR collecting tests/test_smoke_e2e.py ___________________
ImportError while importing test module 'C:\Users\user\PycharmProjects\Bot_mail_creator\tests\test_smoke_e2e.py'.
Hint: make sure your test modules/packages have valid Python names.
Traceback:
..\..\AppData\Local\Programs\Python\Python313\Lib\importlib\__init__.py:88: in import_module
    return _bootstrap._gcd_import(name[level:], package, level)
           ^^^^^^^^^^^^^^^^^^^^^^^^^^^^^^^^^^^^^^^^^^^^^^^^^^^^
tests\test_smoke_e2e.py:5: in <module>
    from src.registration_page import RegistrationPage
src\registration_page.py:13: in <module>
    from src.captcha_solver import CaptchaSolver
src\captcha_solver.py:7: in <module>
    from google import genai
E   ImportError: cannot import name 'genai' from 'google' (unknown location)
____________________ ERROR collecting tests/test_solver.py ____________________
ImportError while importing test module 'C:\Users\user\PycharmProjects\Bot_mail_creator\tests\test_solver.py'.
Hint: make sure your test modules/packages have valid Python names.
Traceback:
..\..\AppData\Local\Programs\Python\Python313\Lib\importlib\__init__.py:88: in import_module
    return _bootstrap._gcd_import(name[level:], package, level)
           ^^^^^^^^^^^^^^^^^^^^^^^^^^^^^^^^^^^^^^^^^^^^^^^^^^^^
tests\test_solver.py:6: in <module>
    from src.captcha_solver import CaptchaSolver
src\captcha_solver.py:7: in <module>
    from google import genai
E   ImportError: cannot import name 'genai' from 'google' (unknown location)
=========================== short test summary info ===========================
ERROR tests/test_identity.py
ERROR tests/test_registration.py
ERROR tests/test_smoke_e2e.py
ERROR tests/test_solver.py
!!!!!!!!!!!!!!!!!!! Interrupted: 4 errors during collection !!!!!!!!!!!!!!!!!!!
============================== 4 errors in 0.26s ==============================
